../Core/Src/ds1307.c:19:6:DS1307_SetRegByte	32	static
../Core/Src/ds1307.c:24:9:DS1307_GetRegByte	32	static
../Core/Src/ds1307.c:31:9:DS1307_GetClockHalt	8	static
../Core/Src/ds1307.c:35:6:DS1307_SetClockHalt	24	static
../Core/Src/ds1307.c:45:6:DS1307_SetTimeZone	16	static
../Core/Src/ds1307.c:49:6:DS1307_config	8	static
../Core/Src/ds1307.c:53:9:DS1307_DecodeBCD	16	static
../Core/Src/ds1307.c:56:9:DS1307_EncodeBCD	16	static
../Core/Src/ds1307.c:60:6:DS1307_settime	24	static
../Core/Src/ds1307.c:71:6:DS1307_gettime	16	static
