../Core/Src/lcd_menu.c:32:6:Rotary_init	8	static
../Core/Src/lcd_menu.c:36:6:Rotary_volum	8	static
../Core/Src/lcd_menu.c:56:6:Push_Slect	8	static
../Core/Src/lcd_menu.c:71:6:Pointer_Status	16	static
../Core/Src/lcd_menu.c:118:6:Pointer_2_Status	16	static
../Core/Src/lcd_menu.c:143:6:LCD_Menu_2_1	112	static
../Core/Src/lcd_menu.c:178:6:LCD_Menu_2_2	8	static
../Core/Src/lcd_menu.c:189:6:LCD_Menu_2_3	144	static
../Core/Src/lcd_menu.c:237:6:LCD_Menu_2_4_	16	static
../Core/Src/lcd_menu.c:261:6:LCD_Menu_1	8	static
../Core/Src/lcd_menu.c:272:6:LCD_Normal_Mode	112	static
../Core/Src/lcd_menu.c:292:6:LCD_Display	16	static
