../Core/Src/main.c:116:6:delay_us	16	static
../Core/Src/main.c:138:6:SEND_UART1	16	static
../Core/Src/main.c:144:6:HAL_UARTEx_RxEventCallback	16	static
../Core/Src/main.c:172:6:Handle_value_send	152	static
../Core/Src/main.c:193:6:PH_Calibration	8	static
../Core/Src/main.c:213:7:PH_Calculator	24	static
../Core/Src/main.c:218:6:TDS_Calibration	8	static
../Core/Src/main.c:225:7:TDS_Calculator	16	static
../Core/Src/main.c:236:6:Save_SetPoint	16	static
../Core/Src/main.c:268:6:Read_SetPoint	16	static
../Core/Src/main.c:297:6:Set_Pin_Output	40	static
../Core/Src/main.c:305:6:Set_Pin_Input	40	static
../Core/Src/main.c:314:9:DS18B20_Start	16	static
../Core/Src/main.c:333:6:DS18B20_Write	24	static
../Core/Src/main.c:362:9:DS18B20_Read	16	static
../Core/Src/main.c:385:7:Get_Temperature_DS18B20	8	static
../Core/Src/main.c:406:6:TDS_Control	16	static
../Core/Src/main.c:429:6:PH_Control	16	static
../Core/Src/main.c:458:6:HAL_TIM_PeriodElapsedCallback	16	static
../Core/Src/main.c:473:6:Wifi_Config	8	static
../Core/Src/main.c:484:6:get_time	144	static
../Core/Src/main.c:492:6:ADC_Select_CH0	24	static
../Core/Src/main.c:506:6:ADC_Select_CH1	24	static
../Core/Src/main.c:519:6:get_adc	8	static
../Core/Src/main.c:533:7:PH_average	16	static
../Core/Src/main.c:538:7:TDS_average	16	static
../Core/Src/main.c:556:5:main	16	static
../Core/Src/main.c:671:6:SystemClock_Config	88	static
../Core/Src/main.c:719:13:MX_ADC1_Init	24	static
../Core/Src/main.c:781:13:MX_I2C1_Init	8	static
../Core/Src/main.c:815:13:MX_I2C3_Init	8	static
../Core/Src/main.c:849:13:MX_IWDG_Init	8	static
../Core/Src/main.c:877:13:MX_RTC_Init	8	static
../Core/Src/main.c:959:13:MX_SPI1_Init	8	static
../Core/Src/main.c:997:13:MX_SPI2_Init	8	static
../Core/Src/main.c:1035:13:MX_TIM4_Init	32	static
../Core/Src/main.c:1080:13:MX_TIM6_Init	16	static
../Core/Src/main.c:1118:13:MX_USART1_UART_Init	8	static
../Core/Src/main.c:1149:13:MX_DMA_Init	16	static
../Core/Src/main.c:1167:13:MX_GPIO_Init	56	static
../Core/Src/main.c:1235:6:Error_Handler	4	static,ignoring_inline_asm
