../Core/Src/main.c:108:6:delay_us	16	static
../Core/Src/main.c:125:6:HAL_UARTEx_RxEventCallback	16	static
../Core/Src/main.c:137:6:SEND_UART1	16	static
../Core/Src/main.c:141:6:Handle_value_send	104	static
../Core/Src/main.c:155:6:PH_Calibration	8	static
../Core/Src/main.c:175:7:PH_Calculator	24	static
../Core/Src/main.c:180:6:TDS_Calibration	8	static
../Core/Src/main.c:187:7:TDS_Calculator	16	static
../Core/Src/main.c:199:6:Save_SetPoint	16	static
../Core/Src/main.c:227:6:Read_SetPoint	16	static
../Core/Src/main.c:256:6:Set_Pin_Output	40	static
../Core/Src/main.c:264:6:Set_Pin_Input	40	static
../Core/Src/main.c:273:9:DS18B20_Start	16	static
../Core/Src/main.c:292:6:DS18B20_Write	24	static
../Core/Src/main.c:321:9:DS18B20_Read	16	static
../Core/Src/main.c:344:7:Get_Temperature_DS18B20	8	static
../Core/Src/main.c:364:6:HAL_TIM_PeriodElapsedCallback	16	static
../Core/Src/main.c:381:5:main	16	static
../Core/Src/main.c:475:6:SystemClock_Config	88	static
../Core/Src/main.c:523:13:MX_ADC1_Init	24	static
../Core/Src/main.c:585:13:MX_I2C1_Init	8	static
../Core/Src/main.c:619:13:MX_IWDG_Init	8	static
../Core/Src/main.c:647:13:MX_SPI1_Init	8	static
../Core/Src/main.c:685:13:MX_TIM4_Init	32	static
../Core/Src/main.c:730:13:MX_TIM6_Init	16	static
../Core/Src/main.c:768:13:MX_USART1_UART_Init	8	static
../Core/Src/main.c:799:13:MX_DMA_Init	16	static
../Core/Src/main.c:820:13:MX_GPIO_Init	48	static
../Core/Src/main.c:866:6:Error_Handler	4	static,ignoring_inline_asm
