../Core/Src/main.c:108:6:delay_us	16	static
../Core/Src/main.c:126:6:HAL_UARTEx_RxEventCallback	16	static
../Core/Src/main.c:138:6:SEND_UART1	16	static
../Core/Src/main.c:142:6:Handle_value_send	152	static
../Core/Src/main.c:157:6:PH_Calibration	8	static
../Core/Src/main.c:177:7:PH_Calculator	24	static
../Core/Src/main.c:182:6:TDS_Calibration	8	static
../Core/Src/main.c:189:7:TDS_Calculator	16	static
../Core/Src/main.c:201:6:Save_SetPoint	16	static
../Core/Src/main.c:229:6:Read_SetPoint	16	static
../Core/Src/main.c:258:6:Set_Pin_Output	40	static
../Core/Src/main.c:266:6:Set_Pin_Input	40	static
../Core/Src/main.c:275:9:DS18B20_Start	16	static
../Core/Src/main.c:294:6:DS18B20_Write	24	static
../Core/Src/main.c:323:9:DS18B20_Read	16	static
../Core/Src/main.c:346:7:Get_Temperature_DS18B20	8	static
../Core/Src/main.c:366:6:HAL_TIM_PeriodElapsedCallback	16	static
../Core/Src/main.c:384:5:main	16	static
../Core/Src/main.c:477:6:SystemClock_Config	88	static
../Core/Src/main.c:525:13:MX_ADC1_Init	24	static
../Core/Src/main.c:587:13:MX_I2C1_Init	8	static
../Core/Src/main.c:621:13:MX_IWDG_Init	8	static
../Core/Src/main.c:649:13:MX_SPI1_Init	8	static
../Core/Src/main.c:687:13:MX_TIM4_Init	32	static
../Core/Src/main.c:732:13:MX_TIM6_Init	16	static
../Core/Src/main.c:770:13:MX_USART1_UART_Init	8	static
../Core/Src/main.c:801:13:MX_DMA_Init	16	static
../Core/Src/main.c:822:13:MX_GPIO_Init	48	static
../Core/Src/main.c:868:6:Error_Handler	4	static,ignoring_inline_asm
