../Core/Src/main.c:111:6:HAL_UARTEx_RxEventCallback	16	static
../Core/Src/main.c:123:6:SEND_UART1	16	static
../Core/Src/main.c:127:6:Handle_value_send	104	static
../Core/Src/main.c:141:6:PH_Calibration	8	static
../Core/Src/main.c:161:7:PH_Calculator	24	static
../Core/Src/main.c:171:6:Save_SetPoint	16	static
../Core/Src/main.c:193:6:Read_SetPoint	16	static
../Core/Src/main.c:210:6:HAL_TIM_PeriodElapsedCallback	16	static
../Core/Src/main.c:228:5:main	16	static
../Core/Src/main.c:314:6:SystemClock_Config	88	static
../Core/Src/main.c:362:13:MX_ADC1_Init	24	static
../Core/Src/main.c:423:13:MX_I2C1_Init	8	static
../Core/Src/main.c:457:13:MX_IWDG_Init	8	static
../Core/Src/main.c:485:13:MX_SPI1_Init	8	static
../Core/Src/main.c:523:13:MX_TIM4_Init	32	static
../Core/Src/main.c:568:13:MX_USART1_UART_Init	8	static
../Core/Src/main.c:599:13:MX_DMA_Init	16	static
../Core/Src/main.c:620:13:MX_GPIO_Init	48	static
../Core/Src/main.c:666:6:Error_Handler	4	static,ignoring_inline_asm
