../Core/Src/main.c:102:6:delay_us	16	static
../Core/Src/main.c:119:6:HAL_UARTEx_RxEventCallback	16	static
../Core/Src/main.c:131:6:SEND_UART1	16	static
../Core/Src/main.c:135:6:Handle_value_send	104	static
../Core/Src/main.c:149:6:PH_Calibration	8	static
../Core/Src/main.c:169:7:PH_Calculator	24	static
../Core/Src/main.c:174:6:TDS_Calibration	8	static
../Core/Src/main.c:193:7:TDS_Calculator	24	static
../Core/Src/main.c:205:6:Save_SetPoint	16	static
../Core/Src/main.c:234:6:Read_SetPoint	16	static
../Core/Src/main.c:264:6:Set_Pin_Output	40	static
../Core/Src/main.c:272:6:Set_Pin_Input	40	static
../Core/Src/main.c:281:9:DS18B20_Start	16	static
../Core/Src/main.c:300:6:DS18B20_Write	24	static
../Core/Src/main.c:329:9:DS18B20_Read	16	static
../Core/Src/main.c:352:7:Get_Temperature_DS18B20	8	static
../Core/Src/main.c:372:6:HAL_TIM_PeriodElapsedCallback	16	static
../Core/Src/main.c:390:5:main	16	static
../Core/Src/main.c:484:6:SystemClock_Config	88	static
../Core/Src/main.c:532:13:MX_ADC1_Init	24	static
../Core/Src/main.c:594:13:MX_I2C1_Init	8	static
../Core/Src/main.c:628:13:MX_IWDG_Init	8	static
../Core/Src/main.c:656:13:MX_SPI1_Init	8	static
../Core/Src/main.c:694:13:MX_TIM4_Init	32	static
../Core/Src/main.c:739:13:MX_TIM6_Init	16	static
../Core/Src/main.c:777:13:MX_USART1_UART_Init	8	static
../Core/Src/main.c:808:13:MX_DMA_Init	16	static
../Core/Src/main.c:829:13:MX_GPIO_Init	48	static
../Core/Src/main.c:875:6:Error_Handler	4	static,ignoring_inline_asm
