../Core/Src/main.c:113:6:delay_us	16	static
../Core/Src/main.c:132:6:HAL_UARTEx_RxEventCallback	16	static
../Core/Src/main.c:149:6:SEND_UART1	16	static
../Core/Src/main.c:153:6:Handle_value_send	152	static
../Core/Src/main.c:174:6:PH_Calibration	8	static
../Core/Src/main.c:194:7:PH_Calculator	24	static
../Core/Src/main.c:199:6:TDS_Calibration	8	static
../Core/Src/main.c:206:7:TDS_Calculator	16	static
../Core/Src/main.c:217:6:Save_SetPoint	16	static
../Core/Src/main.c:245:6:Read_SetPoint	16	static
../Core/Src/main.c:274:6:Set_Pin_Output	40	static
../Core/Src/main.c:282:6:Set_Pin_Input	40	static
../Core/Src/main.c:291:9:DS18B20_Start	16	static
../Core/Src/main.c:310:6:DS18B20_Write	24	static
../Core/Src/main.c:339:9:DS18B20_Read	16	static
../Core/Src/main.c:362:7:Get_Temperature_DS18B20	8	static
../Core/Src/main.c:383:6:TDS_Control	16	static
../Core/Src/main.c:406:6:PH_Control	16	static
../Core/Src/main.c:435:6:HAL_TIM_PeriodElapsedCallback	16	static
../Core/Src/main.c:450:6:Wifi_Config	8	static
../Core/Src/main.c:463:5:main	16	static
../Core/Src/main.c:567:6:SystemClock_Config	88	static
../Core/Src/main.c:615:13:MX_ADC1_Init	24	static
../Core/Src/main.c:677:13:MX_I2C1_Init	8	static
../Core/Src/main.c:711:13:MX_I2C3_Init	8	static
../Core/Src/main.c:745:13:MX_IWDG_Init	8	static
../Core/Src/main.c:773:13:MX_SPI1_Init	8	static
../Core/Src/main.c:811:13:MX_SPI2_Init	8	static
../Core/Src/main.c:849:13:MX_TIM4_Init	32	static
../Core/Src/main.c:894:13:MX_TIM6_Init	16	static
../Core/Src/main.c:932:13:MX_USART1_UART_Init	8	static
../Core/Src/main.c:963:13:MX_DMA_Init	16	static
../Core/Src/main.c:984:13:MX_GPIO_Init	56	static
../Core/Src/main.c:1052:6:Error_Handler	4	static,ignoring_inline_asm
