../Core/Src/main.c:110:6:delay_us	16	static
../Core/Src/main.c:129:6:HAL_UARTEx_RxEventCallback	16	static
../Core/Src/main.c:146:6:SEND_UART1	16	static
../Core/Src/main.c:150:6:Handle_value_send	248	static
../Core/Src/main.c:172:6:PH_Calibration	8	static
../Core/Src/main.c:192:7:PH_Calculator	24	static
../Core/Src/main.c:197:6:TDS_Calibration	8	static
../Core/Src/main.c:204:7:TDS_Calculator	16	static
../Core/Src/main.c:215:6:Save_SetPoint	16	static
../Core/Src/main.c:243:6:Read_SetPoint	16	static
../Core/Src/main.c:272:6:Set_Pin_Output	40	static
../Core/Src/main.c:280:6:Set_Pin_Input	40	static
../Core/Src/main.c:289:9:DS18B20_Start	16	static
../Core/Src/main.c:308:6:DS18B20_Write	24	static
../Core/Src/main.c:337:9:DS18B20_Read	16	static
../Core/Src/main.c:360:7:Get_Temperature_DS18B20	8	static
../Core/Src/main.c:380:6:HAL_TIM_PeriodElapsedCallback	16	static
../Core/Src/main.c:391:6:Wifi_Config	8	static
../Core/Src/main.c:404:5:main	16	static
../Core/Src/main.c:503:6:SystemClock_Config	88	static
../Core/Src/main.c:551:13:MX_ADC1_Init	24	static
../Core/Src/main.c:613:13:MX_I2C1_Init	8	static
../Core/Src/main.c:647:13:MX_IWDG_Init	8	static
../Core/Src/main.c:675:13:MX_SPI1_Init	8	static
../Core/Src/main.c:713:13:MX_SPI2_Init	8	static
../Core/Src/main.c:751:13:MX_TIM4_Init	32	static
../Core/Src/main.c:796:13:MX_TIM6_Init	16	static
../Core/Src/main.c:834:13:MX_USART1_UART_Init	8	static
../Core/Src/main.c:865:13:MX_DMA_Init	16	static
../Core/Src/main.c:886:13:MX_GPIO_Init	48	static
../Core/Src/main.c:943:6:Error_Handler	4	static,ignoring_inline_asm
