../Core/Src/main.c:108:6:delay_us	16	static
../Core/Src/main.c:127:6:HAL_UARTEx_RxEventCallback	16	static
../Core/Src/main.c:139:6:SEND_UART1	16	static
../Core/Src/main.c:143:6:Handle_value_send	152	static
../Core/Src/main.c:162:6:PH_Calibration	8	static
../Core/Src/main.c:182:7:PH_Calculator	24	static
../Core/Src/main.c:187:6:TDS_Calibration	8	static
../Core/Src/main.c:194:7:TDS_Calculator	16	static
../Core/Src/main.c:206:6:Save_SetPoint	16	static
../Core/Src/main.c:234:6:Read_SetPoint	16	static
../Core/Src/main.c:263:6:Set_Pin_Output	40	static
../Core/Src/main.c:271:6:Set_Pin_Input	40	static
../Core/Src/main.c:280:9:DS18B20_Start	16	static
../Core/Src/main.c:299:6:DS18B20_Write	24	static
../Core/Src/main.c:328:9:DS18B20_Read	16	static
../Core/Src/main.c:351:7:Get_Temperature_DS18B20	8	static
../Core/Src/main.c:371:6:HAL_TIM_PeriodElapsedCallback	16	static
../Core/Src/main.c:382:6:Wifi_Config	8	static
../Core/Src/main.c:395:5:main	16	static
../Core/Src/main.c:488:6:SystemClock_Config	88	static
../Core/Src/main.c:536:13:MX_ADC1_Init	24	static
../Core/Src/main.c:598:13:MX_I2C1_Init	8	static
../Core/Src/main.c:632:13:MX_IWDG_Init	8	static
../Core/Src/main.c:660:13:MX_SPI1_Init	8	static
../Core/Src/main.c:698:13:MX_TIM4_Init	32	static
../Core/Src/main.c:743:13:MX_TIM6_Init	16	static
../Core/Src/main.c:781:13:MX_USART1_UART_Init	8	static
../Core/Src/main.c:812:13:MX_DMA_Init	16	static
../Core/Src/main.c:833:13:MX_GPIO_Init	48	static
../Core/Src/main.c:879:6:Error_Handler	4	static,ignoring_inline_asm
