../Core/Src/main.c:111:6:HAL_UARTEx_RxEventCallback	16	static
../Core/Src/main.c:123:6:SEND_UART1	16	static
../Core/Src/main.c:127:6:Handle_value_send	104	static
../Core/Src/main.c:139:6:PH_Calibration	24	static
../Core/Src/main.c:161:7:PH_Calculator	24	static
../Core/Src/main.c:171:6:Save_SetPoint	16	static
../Core/Src/main.c:193:6:Read_SetPoint	8	static
../Core/Src/main.c:202:6:HAL_TIM_PeriodElapsedCallback	16	static
../Core/Src/main.c:220:5:main	16	static
../Core/Src/main.c:305:6:SystemClock_Config	88	static
../Core/Src/main.c:353:13:MX_ADC1_Init	24	static
../Core/Src/main.c:414:13:MX_I2C1_Init	8	static
../Core/Src/main.c:448:13:MX_IWDG_Init	8	static
../Core/Src/main.c:476:13:MX_SPI1_Init	8	static
../Core/Src/main.c:514:13:MX_TIM4_Init	32	static
../Core/Src/main.c:559:13:MX_USART1_UART_Init	8	static
../Core/Src/main.c:590:13:MX_DMA_Init	16	static
../Core/Src/main.c:611:13:MX_GPIO_Init	48	static
../Core/Src/main.c:657:6:Error_Handler	4	static,ignoring_inline_asm
