../Core/Src/main.c:102:6:HAL_UARTEx_RxEventCallback	16	static
../Core/Src/main.c:114:6:SEND_UART1	16	static
../Core/Src/main.c:121:6:PH_Calibration	24	static
../Core/Src/main.c:144:7:PH_Calculator	24	static
../Core/Src/main.c:199:6:Rotary_init	8	static
../Core/Src/main.c:203:10:Rotary_volum	8	static
../Core/Src/main.c:224:6:Push_Slect	8	static
../Core/Src/main.c:248:6:Pointer_Status	16	static
../Core/Src/main.c:299:6:Pointer_2_Status	16	static
../Core/Src/main.c:325:6:LCD_Menu_2_1	112	static
../Core/Src/main.c:361:6:LCD_Menu_2_2	112	static
../Core/Src/main.c:375:6:LCD_Menu_2_3	112	static
../Core/Src/main.c:386:6:LCD_Menu_2_4	112	static
../Core/Src/main.c:398:6:LCD_Menu_1	8	static
../Core/Src/main.c:410:6:LCD_Normal_Mode	112	static
../Core/Src/main.c:431:6:LCD_Display	8	static
../Core/Src/main.c:746:5:main	8	static
../Core/Src/main.c:811:6:SystemClock_Config	88	static
../Core/Src/main.c:858:13:MX_ADC1_Init	24	static
../Core/Src/main.c:919:13:MX_I2C1_Init	8	static
../Core/Src/main.c:953:13:MX_SPI1_Init	8	static
../Core/Src/main.c:991:13:MX_USART1_UART_Init	8	static
../Core/Src/main.c:1022:13:MX_DMA_Init	16	static
../Core/Src/main.c:1043:13:MX_GPIO_Init	48	static
../Core/Src/main.c:1079:6:Error_Handler	4	static,ignoring_inline_asm
