../Core/Src/main.c:105:6:HAL_UARTEx_RxEventCallback	16	static
../Core/Src/main.c:117:6:SEND_UART1	16	static
../Core/Src/main.c:121:6:Handle_value_send	104	static
../Core/Src/main.c:133:6:PH_Calibration	24	static
../Core/Src/main.c:156:7:PH_Calculator	24	static
../Core/Src/main.c:168:6:Rotary_init	8	static
../Core/Src/main.c:173:10:Rotary_volum	8	static
../Core/Src/main.c:194:6:Push_Slect	8	static
../Core/Src/main.c:259:6:Pointer_Status	16	static
../Core/Src/main.c:307:6:Pointer_2_Status	16	static
../Core/Src/main.c:333:6:LCD_Menu_2_1	112	static
../Core/Src/main.c:369:6:LCD_Menu_2_2	112	static
../Core/Src/main.c:383:6:LCD_Menu_2_3	112	static
../Core/Src/main.c:394:6:LCD_Menu_2_4	112	static
../Core/Src/main.c:406:6:LCD_Menu_1	8	static
../Core/Src/main.c:418:6:LCD_Normal_Mode	112	static
../Core/Src/main.c:439:6:LCD_Display	8	static
../Core/Src/main.c:751:5:main	8	static
../Core/Src/main.c:820:6:SystemClock_Config	88	static
../Core/Src/main.c:867:13:MX_ADC1_Init	24	static
../Core/Src/main.c:928:13:MX_I2C1_Init	8	static
../Core/Src/main.c:962:13:MX_SPI1_Init	8	static
../Core/Src/main.c:1000:13:MX_USART1_UART_Init	8	static
../Core/Src/main.c:1031:13:MX_DMA_Init	16	static
../Core/Src/main.c:1052:13:MX_GPIO_Init	48	static
../Core/Src/main.c:1088:6:Error_Handler	4	static,ignoring_inline_asm
