../Core/Src/stm32f4xx_it.c:56:6:SDTimer_Handler	4	static
../Core/Src/stm32f4xx_it.c:85:6:NMI_Handler	4	static
../Core/Src/stm32f4xx_it.c:100:6:HardFault_Handler	4	static
../Core/Src/stm32f4xx_it.c:115:6:MemManage_Handler	4	static
../Core/Src/stm32f4xx_it.c:130:6:BusFault_Handler	4	static
../Core/Src/stm32f4xx_it.c:145:6:UsageFault_Handler	4	static
../Core/Src/stm32f4xx_it.c:160:6:SVC_Handler	4	static
../Core/Src/stm32f4xx_it.c:173:6:DebugMon_Handler	4	static
../Core/Src/stm32f4xx_it.c:186:6:PendSV_Handler	4	static
../Core/Src/stm32f4xx_it.c:199:6:SysTick_Handler	8	static
../Core/Src/stm32f4xx_it.c:226:6:TIM4_IRQHandler	8	static
../Core/Src/stm32f4xx_it.c:240:6:USART1_IRQHandler	8	static
../Core/Src/stm32f4xx_it.c:254:6:DMA2_Stream0_IRQHandler	8	static
../Core/Src/stm32f4xx_it.c:268:6:DMA2_Stream2_IRQHandler	8	static
