../Core/Src/main.c:72:6:delay_us	16	static
../Core/Src/main.c:84:6:Set_Pin_Output	32	static
../Core/Src/main.c:92:6:Set_Pin_Input	32	static
../Core/Src/main.c:101:9:DS18B20_Start	16	static
../Core/Src/main.c:120:6:DS18B20_Write	24	static
../Core/Src/main.c:149:9:DS18B20_Read	16	static
../Core/Src/main.c:172:7:Get_Temperature_DS18B20	8	static
../Core/Src/main.c:191:6:HAL_TIM_PeriodElapsedCallback	16	static
../Core/Src/main.c:202:6:Send_data	8	static
../Core/Src/main.c:213:5:main	48	static
../Core/Src/main.c:274:6:SystemClock_Config	88	static
../Core/Src/main.c:321:13:MX_ADC1_Init	24	static
../Core/Src/main.c:378:13:MX_TIM2_Init	32	static
../Core/Src/main.c:423:13:MX_TIM4_Init	32	static
../Core/Src/main.c:468:13:MX_USART3_UART_Init	8	static
../Core/Src/main.c:499:13:MX_DMA_Init	16	static
../Core/Src/main.c:517:13:MX_GPIO_Init	40	static
../Core/Src/main.c:557:6:Error_Handler	4	static,ignoring_inline_asm
