../Core/Src/main.c:71:6:delay_us	16	static
../Core/Src/main.c:83:6:Set_Pin_Output	32	static
../Core/Src/main.c:91:6:Set_Pin_Input	32	static
../Core/Src/main.c:100:9:DS18B20_Start	16	static
../Core/Src/main.c:119:6:DS18B20_Write	24	static
../Core/Src/main.c:148:9:DS18B20_Read	16	static
../Core/Src/main.c:171:7:Get_Temperature_DS18B20	8	static
../Core/Src/main.c:190:6:HAL_TIM_PeriodElapsedCallback	16	static
../Core/Src/main.c:204:5:main	8	static
../Core/Src/main.c:258:6:SystemClock_Config	88	static
../Core/Src/main.c:305:13:MX_ADC1_Init	24	static
../Core/Src/main.c:362:13:MX_TIM2_Init	32	static
../Core/Src/main.c:407:13:MX_TIM4_Init	32	static
../Core/Src/main.c:452:13:MX_USART3_UART_Init	8	static
../Core/Src/main.c:483:13:MX_DMA_Init	16	static
../Core/Src/main.c:501:13:MX_GPIO_Init	40	static
../Core/Src/main.c:541:6:Error_Handler	4	static,ignoring_inline_asm
